\BOOKMARK [1][-]{section.1}{\376\377\000I\000n\000t\000r\000o\000d\000u\000c\000t\000i\000o\000n}{}% 1
\BOOKMARK [1][-]{section.2}{\376\377\000R\000e\000l\000a\000t\000e\000d\000\040\000W\000o\000r\000k}{}% 2
\BOOKMARK [1][-]{section.3}{\376\377\000M\000e\000t\000h\000o\000d}{}% 3
\BOOKMARK [2][-]{subsection.3.1}{\376\377\000S\000e\000t\000u\000p\000\040\000a\000n\000d\000\040\000N\000o\000t\000a\000t\000i\000o\000n}{section.3}% 4
\BOOKMARK [2][-]{subsection.3.2}{\376\377\000M\000u\000l\000t\000i\000-\000C\000l\000a\000s\000s\000\040\000B\000i\000a\000s\000\040\000E\000x\000p\000r\000e\000s\000s\000i\000o\000n\000s}{section.3}% 5
\BOOKMARK [2][-]{subsection.3.3}{\376\377\000A\000n\000n\000o\000t\000a\000t\000i\000o\000n\000\040\000S\000e\000n\000s\000i\000t\000i\000v\000i\000t\000y\000\040\000V\000a\000l\000u\000e\000s}{section.3}% 6
\BOOKMARK [1][-]{section.4}{\376\377\000E\000x\000p\000e\000r\000i\000m\000e\000n\000t\000s}{}% 7
\BOOKMARK [2][-]{subsection.4.1}{\376\377\000S\000e\000t\000u\000p}{section.4}% 8
\BOOKMARK [2][-]{subsection.4.2}{\376\377\000B\000i\000a\000s\000\040\000T\000a\000x\000o\000n\000o\000m\000y}{section.4}% 9
\BOOKMARK [2][-]{subsection.4.3}{\376\377\000A\000S\000V\000\040\000F\000r\000a\000m\000e\000w\000o\000r\000k\000\040\000V\000a\000l\000i\000d\000a\000t\000i\000o\000n}{section.4}% 10
\BOOKMARK [2][-]{subsection.4.4}{\376\377\000E\000m\000p\000i\000r\000i\000c\000a\000l\000\040\000V\000a\000l\000i\000d\000a\000t\000i\000o\000n}{section.4}% 11
\BOOKMARK [2][-]{subsection.4.5}{\376\377\000C\000o\000r\000r\000e\000c\000t\000i\000o\000n\000\040\000G\000u\000i\000d\000a\000n\000c\000e}{section.4}% 12
\BOOKMARK [1][-]{section.5}{\376\377\000C\000o\000n\000c\000l\000u\000s\000i\000o\000n}{}% 13
\BOOKMARK [1][-]{appendix.A}{\376\377\000P\000r\000o\000o\000f\000s\000\040\000o\000f\000\040\000P\000r\000o\000p\000o\000s\000i\000t\000i\000o\000n\000\040\0001\000\040\000a\000n\000d\000\040\000T\000h\000e\000o\000r\000e\000m\000\040\0001}{}% 14
\BOOKMARK [2][-]{subsection.A.1}{\376\377\000N\000o\000t\000a\000t\000i\000o\000n\000\040\000a\000n\000d\000\040\000K\000e\000y\000\040\000I\000d\000e\000n\000t\000i\000t\000i\000e\000s}{appendix.A}% 15
\BOOKMARK [2][-]{subsection.A.2}{\376\377\000F\000r\000i\000s\000c\000h\040\023\000W\000a\000u\000g\000h\040\023\000L\000o\000v\000e\000l\000l\000\040\000D\000e\000c\000o\000m\000p\000o\000s\000i\000t\000i\000o\000n}{appendix.A}% 16
\BOOKMARK [2][-]{subsection.A.3}{\376\377\000C\000o\000n\000f\000o\000u\000n\000d\000i\000n\000g\000\040\000T\000o\000p\000o\000l\000o\000g\000y\000\040\000\050\000A\000\040\000=\000\040\000C\000o\000n\000f\000o\000u\000n\000d\000e\000r\000\051}{appendix.A}% 17
\BOOKMARK [2][-]{subsection.A.4}{\376\377\000P\000r\000o\000o\000f\000\040\000o\000f\000\040\000T\000h\000e\000o\000r\000e\000m\000\040\0001\000\040\000\050\000C\000o\000n\000f\000o\000u\000n\000d\000i\000n\000g\000\040\000M\000o\000n\000o\000t\000o\000n\000i\000c\000i\000t\000y\000\051}{appendix.A}% 18
\BOOKMARK [2][-]{subsection.A.5}{\376\377\000M\000e\000d\000i\000a\000t\000i\000o\000n\000\040\000T\000o\000p\000o\000l\000o\000g\000y\000\040\000\050\000A\000\040\000=\000\040\000M\000e\000d\000i\000a\000t\000o\000r\000\051}{appendix.A}% 19
\BOOKMARK [2][-]{subsection.A.6}{\376\377\000P\000r\000o\000o\000f\000\040\000o\000f\000\040\000T\000h\000e\000o\000r\000e\000m\000\040\0002\000\040\000\050\000K\000=\0003\000\040\000S\000y\000m\000m\000e\000t\000r\000i\000c\000\040\000M\000o\000n\000o\000t\000o\000n\000i\000c\000i\000t\000y\000\051}{appendix.A}% 20
\BOOKMARK [2][-]{subsection.A.7}{\376\377\000C\000o\000l\000l\000i\000d\000e\000r\000\040\000T\000o\000p\000o\000l\000o\000g\000y\000\040\000\050\000A\000\040\000=\000\040\000C\000o\000l\000l\000i\000d\000e\000r\000\051}{appendix.A}% 21
\BOOKMARK [2][-]{subsection.A.8}{\376\377\000F\000r\000o\000n\000t\000-\000d\000o\000o\000r\000\040\000T\000o\000p\000o\000l\000o\000g\000y\000\040\000\050\000A\000\040\000=\000\040\000M\000e\000d\000i\000a\000t\000o\000r\000\040\000u\000n\000d\000e\000r\000\040\000C\000o\000n\000f\000o\000u\000n\000d\000i\000n\000g\000\051}{appendix.A}% 22
\BOOKMARK [2][-]{subsection.A.9}{\376\377\000E\000x\000p\000o\000s\000u\000r\000e\000\040\000T\000o\000p\000o\000l\000o\000g\000y\000:\000\040\000S\000i\000g\000n\000\040\000R\000e\000v\000e\000r\000s\000a\000l\000\040\000C\000o\000u\000n\000t\000e\000r\000e\000x\000a\000m\000p\000l\000e}{appendix.A}% 23
\BOOKMARK [2][-]{subsection.A.10}{\376\377\000S\000u\000m\000m\000a\000r\000y\000\040\000o\000f\000\040\000C\000o\000n\000d\000i\000t\000i\000o\000n\000s}{appendix.A}% 24
\BOOKMARK [2][-]{subsection.A.11}{\376\377\000A\000d\000v\000e\000r\000s\000a\000r\000i\000a\000l\000\040\000M\000o\000n\000o\000t\000o\000n\000i\000c\000i\000t\000y\000\040\000V\000e\000r\000i\000f\000i\000c\000a\000t\000i\000o\000n}{appendix.A}% 25
\BOOKMARK [1][-]{appendix.B}{\376\377\000S\000u\000p\000p\000l\000e\000m\000e\000n\000t\000a\000r\000y\000\040\000T\000a\000b\000l\000e\000s\000,\000\040\000F\000i\000g\000u\000r\000e\000s\000,\000\040\000a\000n\000d\000\040\000A\000l\000g\000o\000r\000i\000t\000h\000m}{}% 26
\BOOKMARK [2][-]{subsection.B.1}{\376\377\000B\000i\000n\000a\000r\000i\000z\000a\000t\000i\000o\000n\000\040\000C\000o\000l\000l\000a\000p\000s\000e}{appendix.B}% 27
\BOOKMARK [2][-]{subsection.B.2}{\376\377\000P\000r\000o\000o\000f\000\040\000o\000f\000\040\000F\000W\000L\000\040\000I\000n\000v\000a\000r\000i\000a\000n\000c\000e}{appendix.B}% 28
\BOOKMARK [2][-]{subsection.B.3}{\376\377\000A\000p\000p\000l\000i\000e\000d\000\040\000I\000l\000l\000u\000s\000t\000r\000a\000t\000i\000o\000n\000:\000\040\000C\000l\000i\000n\000i\000c\000a\000l\000B\000E\000R\000T\000\040\000C\000a\000s\000e\000\040\000S\000t\000u\000d\000y}{appendix.B}% 29
\BOOKMARK [2][-]{subsection.B.4}{\376\377\000I\000V\000\040\000W\000a\000l\000d\000\040\000E\000s\000t\000i\000m\000a\000t\000o\000r\000:\000\040\000D\000i\000a\000g\000o\000n\000a\000l\000-\000D\000o\000m\000i\000n\000a\000n\000c\000e\000\040\000S\000u\000b\000s\000p\000a\000c\000e\000s}{appendix.B}% 30
\BOOKMARK [2][-]{subsection.B.5}{\376\377\000N\000o\000n\000-\000D\000i\000f\000f\000e\000r\000e\000n\000t\000i\000a\000l\000\040\000M\000i\000s\000c\000l\000a\000s\000s\000i\000f\000i\000c\000a\000t\000i\000o\000n\000\040\000V\000e\000r\000i\000f\000i\000c\000a\000t\000i\000o\000n}{appendix.B}% 31
\BOOKMARK [2][-]{subsection.B.6}{\376\377\000N\000o\000n\000-\000D\000i\000f\000f\000e\000r\000e\000n\000t\000i\000a\000l\000\040\000A\000s\000s\000u\000m\000p\000t\000i\000o\000n\000\040\000S\000t\000r\000e\000s\000s\000\040\000T\000e\000s\000t}{appendix.B}% 32
\BOOKMARK [2][-]{subsection.B.7}{\376\377\000R\000o\000b\000u\000s\000t\000n\000e\000s\000s\000\040\000t\000o\000\040\000N\000o\000n\000l\000i\000n\000e\000a\000r\000\040\000D\000G\000P}{appendix.B}% 33
\BOOKMARK [2][-]{subsection.B.8}{\376\377\000B\000o\000o\000t\000s\000t\000r\000a\000p\000\040\000U\000n\000c\000e\000r\000t\000a\000i\000n\000t\000y\000\040\000o\000f\000\040\000A\000S\000V}{appendix.B}% 34
\BOOKMARK [2][-]{subsection.B.9}{\376\377\000C\000r\000o\000s\000s\000-\000K\000\040\000R\000o\000b\000u\000s\000t\000n\000e\000s\000s}{appendix.B}% 35
\BOOKMARK [2][-]{subsection.B.10}{\376\377\000A\000S\000V\000\040\000D\000i\000a\000g\000n\000o\000s\000t\000i\000c\000\040\000R\000e\000s\000u\000l\000t\000s}{appendix.B}% 36
\BOOKMARK [2][-]{subsection.B.11}{\376\377\000A\000S\000V\000\040\000S\000t\000a\000b\000i\000l\000i\000t\000y\000\040\000A\000c\000r\000o\000s\000s\000\040\000D\000G\000P\000\040\000P\000a\000r\000a\000m\000e\000t\000e\000r\000s}{appendix.B}% 37
\BOOKMARK [2][-]{subsection.B.12}{\376\377\000E\000x\000t\000e\000n\000d\000e\000d\000\040\000C\000o\000n\000j\000e\000c\000t\000u\000r\000e\000\040\000V\000e\000r\000i\000f\000i\000c\000a\000t\000i\000o\000n}{appendix.B}% 38
\BOOKMARK [2][-]{subsection.B.13}{\376\377\000P\000r\000o\000p\000o\000r\000t\000i\000o\000n\000a\000l\000\040\000E\000f\000f\000e\000c\000t\000s\000\040\000B\000r\000e\000a\000k\000d\000o\000w\000n}{appendix.B}% 39
\BOOKMARK [2][-]{subsection.B.14}{\376\377\000F\000W\000L\000\040\000I\000n\000v\000a\000r\000i\000a\000n\000c\000e\000\040\000U\000n\000d\000e\000r\000\040\000N\000o\000n\000l\000i\000n\000e\000a\000r\000\040\000M\000o\000d\000e\000l\000s}{appendix.B}% 40
\BOOKMARK [2][-]{subsection.B.15}{\376\377\000P\000P\000I\000+\000+\000\040\000G\000o\000l\000d\000\040\000L\000a\000b\000e\000l\000\040\000R\000a\000t\000i\000o\000\040\000S\000e\000n\000s\000i\000t\000i\000v\000i\000t\000y}{appendix.B}% 41
\BOOKMARK [2][-]{subsection.B.16}{\376\377\000R\000e\000a\000l\000i\000s\000t\000i\000c\000\040\000D\000i\000f\000f\000e\000r\000e\000n\000t\000i\000a\000l\000\040\000M\000i\000s\000c\000l\000a\000s\000s\000i\000f\000i\000c\000a\000t\000i\000o\000n\000\040\000T\000h\000r\000e\000s\000h\000o\000l\000d\000s}{appendix.B}% 42
\BOOKMARK [2][-]{subsection.B.17}{\376\377\000P\000r\000o\000p\000o\000r\000t\000i\000o\000n\000a\000l\000\040\000E\000f\000f\000e\000c\000t\000s\000\040\000w\000i\000t\000h\000\040\000E\000m\000p\000i\000r\000i\000c\000a\000l\000\040\000C\000o\000n\000f\000u\000s\000i\000o\000n\000\040\000M\000a\000t\000r\000i\000c\000e\000s}{appendix.B}% 43
\BOOKMARK [2][-]{subsection.B.18}{\376\377\000C\000a\000s\000e\000\040\000S\000t\000u\000d\000y\000:\000\040\000A\000S\000V\000\040\000D\000i\000a\000g\000n\000o\000s\000i\000s\000\040\000o\000f\000\040\000P\000o\000l\000i\000t\000i\000c\000a\000l\000\040\000A\000d\000\040\000T\000o\000n\000e\000\040\000C\000l\000a\000s\000s\000i\000f\000i\000c\000a\000t\000i\000o\000n}{appendix.B}% 44
\BOOKMARK [2][-]{subsection.B.19}{\376\377\000E\000n\000d\000-\000t\000o\000-\000E\000n\000d\000\040\000D\000e\000m\000o\000n\000s\000t\000r\000a\000t\000i\000o\000n}{appendix.B}% 45
\BOOKMARK [2][-]{subsection.B.20}{\376\377\000S\000e\000m\000i\000-\000R\000e\000a\000l\000\040\000C\000a\000s\000e\000\040\000S\000t\000u\000d\000y\000\040\000w\000i\000t\000h\000\040\000P\000r\000o\000d\000u\000c\000t\000i\000o\000n\000\040\000L\000L\000M\000\040\000C\000o\000n\000f\000u\000s\000i\000o\000n\000\040\000M\000a\000t\000r\000i\000c\000e\000s}{appendix.B}% 46
\BOOKMARK [2][-]{subsection.B.21}{\376\377\000C\000o\000r\000r\000e\000c\000t\000i\000o\000n\000\040\000M\000e\000t\000h\000o\000d\000\040\000S\000e\000n\000s\000i\000t\000i\000v\000i\000t\000y\000\040\000t\000o\000\040\000K}{appendix.B}% 47
\BOOKMARK [2][-]{subsection.B.22}{\376\377\000C\000o\000m\000p\000a\000r\000i\000s\000o\000n\000\040\000w\000i\000t\000h\000\040\000R\000e\000l\000a\000t\000e\000d\000\040\000S\000e\000n\000s\000i\000t\000i\000v\000i\000t\000y\000\040\000F\000r\000a\000m\000e\000w\000o\000r\000k\000s}{appendix.B}% 48
\BOOKMARK [2][-]{subsection.B.23}{\376\377\000P\000e\000r\000-\000T\000o\000p\000o\000l\000o\000g\000y\000\040\000F\0001\040\023\000B\000i\000a\000s\000\040\000C\000o\000r\000r\000e\000l\000a\000t\000i\000o\000n}{appendix.B}% 49
\BOOKMARK [2][-]{subsection.B.24}{\376\377\000C\000o\000n\000f\000u\000s\000i\000o\000n\000\040\000M\000a\000t\000r\000i\000x\000\040\000E\000s\000t\000i\000m\000a\000t\000i\000o\000n\000\040\000R\000o\000b\000u\000s\000t\000n\000e\000s\000s}{appendix.B}% 50
\BOOKMARK [2][-]{subsection.B.25}{\376\377\000S\000i\000g\000n\000\040\000R\000e\000v\000e\000r\000s\000a\000l\000\040\000D\000e\000t\000e\000r\000m\000i\000n\000a\000n\000t\000s}{appendix.B}% 51
\BOOKMARK [2][-]{subsection.B.26}{\376\377\000Y\000-\000S\000t\000r\000a\000t\000i\000f\000i\000e\000d\000\040\000N\000o\000n\000-\000D\000i\000f\000f\000e\000r\000e\000n\000t\000i\000a\000l\000\040\000V\000e\000r\000i\000f\000i\000c\000a\000t\000i\000o\000n}{appendix.B}% 52
\BOOKMARK [1][-]{appendix.C}{\376\377\000N\000o\000t\000a\000t\000i\000o\000n}{}% 53
\BOOKMARK [1][-]{appendix.D}{\376\377\000U\000s\000e\000\040\000o\000f\000\040\000A\000I\000\040\000A\000s\000s\000i\000s\000t\000a\000n\000t\000s}{}% 54
